// Jest Snapshot v1, https://goo.gl/fbAQLP

exports[`Tasklist should return all projects 1`] = `
Array [
  Object {
    "description": "新しいフレッシュホームページの制作過程はこちら",
    "id": 1,
    "title": "ホームページのリニューアル",
  },
  Object {
    "description": "新しいチェックアウト フォームでユーザー エクスペリエンスを向上",
    "id": 2,
    "title": "チェックアウトフォームのリファクタリング",
  },
  Object {
    "description": null,
    "id": 3,
    "title": "実験プロジェクト",
  },
]
`;
