// Jest Snapshot v1, https://goo.gl/fbAQLP

exports[`Auth Controller authenticated routes should return current user 1`] = `
Object {
  "birthdate": "2022-11-29 15:31:37",
  "created": "2022-11-29 15:31:37",
  "first_name": "alex",
  "id": 1,
  "last_name": "pozdnyakof",
  "updated": "2022-11-29 15:31:37",
  "username": "test@test.com",
}
`;
